src/pages/DriverModals.tsx(105,12): error TS6133: 'selected' is declared but its value is never read.
src/pages/DriverModals.tsx(105,22): error TS6133: 'setSelected' is declared but its value is never read.
src/pages/Drivers.tsx(52,11): error TS6196: 'TripCommon' is declared but never used.
src/pages/RiderModals.tsx(4,5): error TS6133: 'ArrowLeft' is declared but its value is never read.
src/pages/RiderModals.tsx(320,37): error TS6133: 'i' is declared but its value is never read.
src/pages/Riders.tsx(5,30): error TS6133: 'Filter' is declared but its value is never read.
src/pages/Riders.tsx(195,35): error TS6133: 'reason' is declared but its value is never read.
src/pages/Riders.tsx(195,51): error TS6133: 'hours' is declared but its value is never read.
src/pages/settings_tabs/ProfileTab.tsx(1,1): error TS6133: 'useState' is declared but its value is never read.
src/pages/settings_tabs/ProfileTab.tsx(2,23): error TS6133: 'EyeOff' is declared but its value is never read.
src/pages/settings_tabs/ProfileTab.tsx(2,31): error TS6133: 'CheckCircle' is declared but its value is never read.
src/pages/SupportModals.tsx(1,20): error TS6133: 'useMemo' is declared but its value is never read.
